0 318 -2 318
82 0 82 2
-146 146 -147 145
-1 183 -3 183
123 1 123 3
-84 83 -85 82
0 440 -2 440
36 0 36 2
75 1 75 3
-137 137 -138 136
106 0 106 2
-54 54 -55 53
0 118 -2 118
159 160 158 161
-1 283 -3 283
-124 123 -125 122
191 192 190 193
