271 271 270 272
-310 310 -311 309
92 0 92 2
-170 169 -171 168
217 1 217 3
0 208 -2 208
554 555 553 556
0 496 -2 496
51 1 51 3
-1 427 -3 427
409 409 408 410
211 1 211 3
360 0 360 2
393 393 392 394
287 287 286 288
0 668 -2 668
0 526 -2 526
0 626 -2 626
398 0 398 2
155 1 155 3
-279 279 -280 278
612 0 612 2
0 558 -2 558
302 0 302 2
-201 200 -202 199
336 336 335 337
598 598 597 599
-56 0 -56 2
366 366 365 367
-1 319 -3 319
-140 140 -141 139
222 222 221 223
483 483 482 484
