194 0 194 2
-1 295 -3 295
-1 191 -3 191
-1 139 -3 139
-70 0 -70 2
-1 113 -3 113
-190 0 -190 2
0 100 -2 100
-238 0 -238 2
-286 0 -286 2
-214 0 -214 2
-262 0 -262 2
458 0 458 2
-1 451 -3 451
0 308 -2 308
578 0 578 2
-142 0 -142 2
-166 0 -166 2
-118 0 -118 2
-94 0 -94 2
266 0 266 2
314 0 314 2
242 0 242 2
554 0 554 2
0 126 -2 126
674 0 674 2
0 464 -2 464
506 0 506 2
-1 321 -3 321
218 0 218 2
626 0 626 2
-1 347 -3 347
410 0 410 2
650 0 650 2
362 0 362 2
482 0 482 2
386 0 386 2
-22 0 -22 2
602 0 602 2
338 0 338 2
0 360 -2 360
50 0 50 2
434 0 434 2
2 0 2 2
170 0 170 2
-46 0 -46 2
-1 373 -3 373
290 0 290 2
26 0 26 2
0 334 -2 334
-1 399 -3 399
122 0 122 2
530 0 530 2
146 0 146 2
98 0 98 2
-1 477 -3 477
0 230 -2 230
-1 425 -3 425
0 412 -2 412
74 0 74 2
0 386 -2 386
0 256 -2 256
0 438 -2 438
0 152 -2 152
-1 217 -3 217
-1 269 -3 269
0 204 -2 204
-1 165 -3 165
0 282 -2 282
-1 243 -3 243
0 178 -2 178
