99
197
197
387
99
99
99
662
294
99
99
389
99
294
99
197
99
294
387
197
1499
197
197
99
484
99
479
99
932
99
99
197
2468
99
99
293
99
99
2832
758
197
2654
665
197
482
293
99
99
387
294
99
99
197
99
1257
1750
197
99
99
197
389
99
197
99
293
99
294
294
99
99
389
99
99
3217
482
99
758
1006
99
99
99
99
99
99
197
99
197
99
665
99
2522
99
99
99
197
294
99
99
99
99
