99
479
2439
2507
2393
2207
2477
2393
293
2169
1217
2477
2493
1289
479
1679
2367
1737
569
1067
2459
2547
657
2529
569
2309
989
197
2543
2087
1289
1899
1493
1557
2277
2243
657
2043
1427
1427
2493
1949
2519
2129
1619
2277
1847
2309
1493
2087
1143
909
2549
293
1793
2043
1679
2129
1737
2417
1359
1847
743
1997
2537
2537
2549
2339
827
2507
989
2519
1359
1557
1143
827
2543
2459
743
1067
1899
1217
2417
2243
2207
2439
99
2529
1793
2339
197
2547
387
909
387
1997
2367
1619
2169
1949
