89
2064
89
89
89
89
177
89
1857
2039
89
347
1399
89
1959
89
89
1213
177
89
89
177
89
1974
89
177
89
263
350
89
89
177
1077
177
1419
809
89
3083
89
89
1979
89
737
89
177
1672
89
177
89
1763
89
89
89
89
89
663
89
89
89
89
177
89
1937
1537
89
89
89
89
957
587
1013
89
89
89
89
1997
89
1752
89
177
89
513
177
1563
89
89
177
177
2144
263
