29
57
29
83
29
57
29
29
29
29
57
29
172
129
29
183
84
109
107
29
57
29
29
29
197
379
29
29
209
29
